Unknown column 'ticket_type' in 'field list'